// Jest Snapshot v1, https://goo.gl/fbAQLP

exports[`<Page /> component rendering should render a component matching the snapshot 1`] = `
<ThemeProvider
  theme={
    Object {
      "apricot": "#FEBE7E",
      "black": "#393939",
      "brightPurple": "#B987C0",
      "darkPurple": "#57385C",
      "grey": "#7E7E7E",
      "lightGrey": "#DADADA",
      "lightPurple": "#8F6894",
      "margin": 0,
      "midGray": "#A4A4A4",
      "offWhite": "#EDEDED",
      "padding": 0,
      "red": "#FF0000",
      "transitionAll": "all .2s ease-in-out",
    }
  }
>
  <page__StyledPage>
    <_default />
    <page__Inner />
  </page__StyledPage>
</ThemeProvider>
`;
